// Jest Snapshot v1, https://goo.gl/fbAQLP

exports[`<Form /> rendering renders correctly 1`] = `ShallowWrapper {}`;

exports[`<Login /> rendering renders correctly 1`] = `ShallowWrapper {}`;
